[    6107ms] Uncaught Error: Minified React error #425; visit https://reactjs.org/docs/error-decoder.html?invariant=425 for the full message or use the non-minified dev environment for full errors and additional helpful warnings.
    at rh (https://frontend-assets.supabase.com/studio/b97a1db19b13/_next/static/chunks/9954129c7dd6dc22.js?dpl=dpl_GajKFReommNTzdw4sLgfoFq9AbrR:1:44119)
    at <anonymous> (https://frontend-assets.supabase.com/studio/b97a1db19b13/_next/static/chunks/9954129c7dd6dc22.js?dpl=dpl_GajKFReommNTzdw4sLgfoFq9AbrR:1:104492)
    at oO (https://frontend-assets.supabase.com/studio/b97a1db19b13/_next/static/chunks/9954129c7dd6dc22.js?dpl=dpl_GajKFReommNTzdw4sLgfoFq9AbrR:1:110000)
    at oD (https://frontend-assets.supabase.com/studio/b97a1db19b13/_next/static/chunks/9954129c7dd6dc22.js?dpl=dpl_GajKFReommNTzdw4sLgfoFq9AbrR:1:102951)
    at oR (https://frontend-assets.supabase.com/studio/b97a1db19b13/_next/static/chunks/9954129c7dd6dc22.js?dpl=dpl_GajKFReommNTzdw4sLgfoFq9AbrR:1:102761)
    at oS (https://frontend-assets.supabase.com/studio/b97a1db19b13/_next/static/chunks/9954129c7dd6dc22.js?dpl=dpl_GajKFReommNTzdw4sLgfoFq9AbrR:1:97834)
    at E (https://frontend-assets.supabase.com/studio/b97a1db19b13/_next/static/chunks/9954129c7dd6dc22.js?dpl=dpl_GajKFReommNTzdw4sLgfoFq9AbrR:1:1491)
    at L (https://frontend-assets.supabase.com/studio/b97a1db19b13/_next/static/chunks/9954129c7dd6dc22.js?dpl=dpl_GajKFReommNTzdw4sLgfoFq9AbrR:1:2012)
[    6120ms] Uncaught Error: Minified React error #418; visit https://reactjs.org/docs/error-decoder.html?invariant=418 for the full message or use the non-minified dev environment for full errors and additional helpful warnings.
    at lg (https://frontend-assets.supabase.com/studio/b97a1db19b13/_next/static/chunks/9954129c7dd6dc22.js?dpl=dpl_GajKFReommNTzdw4sLgfoFq9AbrR:1:50409)
    at i (https://frontend-assets.supabase.com/studio/b97a1db19b13/_next/static/chunks/9954129c7dd6dc22.js?dpl=dpl_GajKFReommNTzdw4sLgfoFq9AbrR:1:124903)
    at oD (https://frontend-assets.supabase.com/studio/b97a1db19b13/_next/static/chunks/9954129c7dd6dc22.js?dpl=dpl_GajKFReommNTzdw4sLgfoFq9AbrR:1:102891)
    at oR (https://frontend-assets.supabase.com/studio/b97a1db19b13/_next/static/chunks/9954129c7dd6dc22.js?dpl=dpl_GajKFReommNTzdw4sLgfoFq9AbrR:1:102761)
    at oS (https://frontend-assets.supabase.com/studio/b97a1db19b13/_next/static/chunks/9954129c7dd6dc22.js?dpl=dpl_GajKFReommNTzdw4sLgfoFq9AbrR:1:97834)
    at E (https://frontend-assets.supabase.com/studio/b97a1db19b13/_next/static/chunks/9954129c7dd6dc22.js?dpl=dpl_GajKFReommNTzdw4sLgfoFq9AbrR:1:1491)
    at L (https://frontend-assets.supabase.com/studio/b97a1db19b13/_next/static/chunks/9954129c7dd6dc22.js?dpl=dpl_GajKFReommNTzdw4sLgfoFq9AbrR:1:2012)
[    6122ms] Uncaught Error: Minified React error #418; visit https://reactjs.org/docs/error-decoder.html?invariant=418 for the full message or use the non-minified dev environment for full errors and additional helpful warnings.
    at lg (https://frontend-assets.supabase.com/studio/b97a1db19b13/_next/static/chunks/9954129c7dd6dc22.js?dpl=dpl_GajKFReommNTzdw4sLgfoFq9AbrR:1:50409)
    at i (https://frontend-assets.supabase.com/studio/b97a1db19b13/_next/static/chunks/9954129c7dd6dc22.js?dpl=dpl_GajKFReommNTzdw4sLgfoFq9AbrR:1:124903)
    at oD (https://frontend-assets.supabase.com/studio/b97a1db19b13/_next/static/chunks/9954129c7dd6dc22.js?dpl=dpl_GajKFReommNTzdw4sLgfoFq9AbrR:1:102891)
    at oR (https://frontend-assets.supabase.com/studio/b97a1db19b13/_next/static/chunks/9954129c7dd6dc22.js?dpl=dpl_GajKFReommNTzdw4sLgfoFq9AbrR:1:102761)
    at oS (https://frontend-assets.supabase.com/studio/b97a1db19b13/_next/static/chunks/9954129c7dd6dc22.js?dpl=dpl_GajKFReommNTzdw4sLgfoFq9AbrR:1:97834)
    at E (https://frontend-assets.supabase.com/studio/b97a1db19b13/_next/static/chunks/9954129c7dd6dc22.js?dpl=dpl_GajKFReommNTzdw4sLgfoFq9AbrR:1:1491)
    at L (https://frontend-assets.supabase.com/studio/b97a1db19b13/_next/static/chunks/9954129c7dd6dc22.js?dpl=dpl_GajKFReommNTzdw4sLgfoFq9AbrR:1:2012)
[    6143ms] Uncaught Error: Minified React error #418; visit https://reactjs.org/docs/error-decoder.html?invariant=418 for the full message or use the non-minified dev environment for full errors and additional helpful warnings.
    at lg (https://frontend-assets.supabase.com/studio/b97a1db19b13/_next/static/chunks/9954129c7dd6dc22.js?dpl=dpl_GajKFReommNTzdw4sLgfoFq9AbrR:1:50409)
    at i (https://frontend-assets.supabase.com/studio/b97a1db19b13/_next/static/chunks/9954129c7dd6dc22.js?dpl=dpl_GajKFReommNTzdw4sLgfoFq9AbrR:1:124903)
    at oD (https://frontend-assets.supabase.com/studio/b97a1db19b13/_next/static/chunks/9954129c7dd6dc22.js?dpl=dpl_GajKFReommNTzdw4sLgfoFq9AbrR:1:102891)
    at oR (https://frontend-assets.supabase.com/studio/b97a1db19b13/_next/static/chunks/9954129c7dd6dc22.js?dpl=dpl_GajKFReommNTzdw4sLgfoFq9AbrR:1:102761)
    at oS (https://frontend-assets.supabase.com/studio/b97a1db19b13/_next/static/chunks/9954129c7dd6dc22.js?dpl=dpl_GajKFReommNTzdw4sLgfoFq9AbrR:1:97834)
    at E (https://frontend-assets.supabase.com/studio/b97a1db19b13/_next/static/chunks/9954129c7dd6dc22.js?dpl=dpl_GajKFReommNTzdw4sLgfoFq9AbrR:1:1491)
    at L (https://frontend-assets.supabase.com/studio/b97a1db19b13/_next/static/chunks/9954129c7dd6dc22.js?dpl=dpl_GajKFReommNTzdw4sLgfoFq9AbrR:1:2012)
[    6154ms] Uncaught Error: Minified React error #418; visit https://reactjs.org/docs/error-decoder.html?invariant=418 for the full message or use the non-minified dev environment for full errors and additional helpful warnings.
    at lg (https://frontend-assets.supabase.com/studio/b97a1db19b13/_next/static/chunks/9954129c7dd6dc22.js?dpl=dpl_GajKFReommNTzdw4sLgfoFq9AbrR:1:50409)
    at i (https://frontend-assets.supabase.com/studio/b97a1db19b13/_next/static/chunks/9954129c7dd6dc22.js?dpl=dpl_GajKFReommNTzdw4sLgfoFq9AbrR:1:124903)
    at oD (https://frontend-assets.supabase.com/studio/b97a1db19b13/_next/static/chunks/9954129c7dd6dc22.js?dpl=dpl_GajKFReommNTzdw4sLgfoFq9AbrR:1:102891)
    at oR (https://frontend-assets.supabase.com/studio/b97a1db19b13/_next/static/chunks/9954129c7dd6dc22.js?dpl=dpl_GajKFReommNTzdw4sLgfoFq9AbrR:1:102761)
    at oS (https://frontend-assets.supabase.com/studio/b97a1db19b13/_next/static/chunks/9954129c7dd6dc22.js?dpl=dpl_GajKFReommNTzdw4sLgfoFq9AbrR:1:97834)
    at E (https://frontend-assets.supabase.com/studio/b97a1db19b13/_next/static/chunks/9954129c7dd6dc22.js?dpl=dpl_GajKFReommNTzdw4sLgfoFq9AbrR:1:1491)
    at L (https://frontend-assets.supabase.com/studio/b97a1db19b13/_next/static/chunks/9954129c7dd6dc22.js?dpl=dpl_GajKFReommNTzdw4sLgfoFq9AbrR:1:2012)
[    6157ms] Uncaught Error: Minified React error #418; visit https://reactjs.org/docs/error-decoder.html?invariant=418 for the full message or use the non-minified dev environment for full errors and additional helpful warnings.
    at lg (https://frontend-assets.supabase.com/studio/b97a1db19b13/_next/static/chunks/9954129c7dd6dc22.js?dpl=dpl_GajKFReommNTzdw4sLgfoFq9AbrR:1:50409)
    at i (https://frontend-assets.supabase.com/studio/b97a1db19b13/_next/static/chunks/9954129c7dd6dc22.js?dpl=dpl_GajKFReommNTzdw4sLgfoFq9AbrR:1:124903)
    at oD (https://frontend-assets.supabase.com/studio/b97a1db19b13/_next/static/chunks/9954129c7dd6dc22.js?dpl=dpl_GajKFReommNTzdw4sLgfoFq9AbrR:1:102891)
    at oR (https://frontend-assets.supabase.com/studio/b97a1db19b13/_next/static/chunks/9954129c7dd6dc22.js?dpl=dpl_GajKFReommNTzdw4sLgfoFq9AbrR:1:102761)
    at oS (https://frontend-assets.supabase.com/studio/b97a1db19b13/_next/static/chunks/9954129c7dd6dc22.js?dpl=dpl_GajKFReommNTzdw4sLgfoFq9AbrR:1:97834)
    at E (https://frontend-assets.supabase.com/studio/b97a1db19b13/_next/static/chunks/9954129c7dd6dc22.js?dpl=dpl_GajKFReommNTzdw4sLgfoFq9AbrR:1:1491)
    at L (https://frontend-assets.supabase.com/studio/b97a1db19b13/_next/static/chunks/9954129c7dd6dc22.js?dpl=dpl_GajKFReommNTzdw4sLgfoFq9AbrR:1:2012)
[    6158ms] Uncaught Error: Minified React error #418; visit https://reactjs.org/docs/error-decoder.html?invariant=418 for the full message or use the non-minified dev environment for full errors and additional helpful warnings.
    at lg (https://frontend-assets.supabase.com/studio/b97a1db19b13/_next/static/chunks/9954129c7dd6dc22.js?dpl=dpl_GajKFReommNTzdw4sLgfoFq9AbrR:1:50409)
    at i (https://frontend-assets.supabase.com/studio/b97a1db19b13/_next/static/chunks/9954129c7dd6dc22.js?dpl=dpl_GajKFReommNTzdw4sLgfoFq9AbrR:1:124903)
    at oD (https://frontend-assets.supabase.com/studio/b97a1db19b13/_next/static/chunks/9954129c7dd6dc22.js?dpl=dpl_GajKFReommNTzdw4sLgfoFq9AbrR:1:102891)
    at oR (https://frontend-assets.supabase.com/studio/b97a1db19b13/_next/static/chunks/9954129c7dd6dc22.js?dpl=dpl_GajKFReommNTzdw4sLgfoFq9AbrR:1:102761)
    at oS (https://frontend-assets.supabase.com/studio/b97a1db19b13/_next/static/chunks/9954129c7dd6dc22.js?dpl=dpl_GajKFReommNTzdw4sLgfoFq9AbrR:1:97834)
    at E (https://frontend-assets.supabase.com/studio/b97a1db19b13/_next/static/chunks/9954129c7dd6dc22.js?dpl=dpl_GajKFReommNTzdw4sLgfoFq9AbrR:1:1491)
    at L (https://frontend-assets.supabase.com/studio/b97a1db19b13/_next/static/chunks/9954129c7dd6dc22.js?dpl=dpl_GajKFReommNTzdw4sLgfoFq9AbrR:1:2012)
[    6161ms] Uncaught Error: Minified React error #418; visit https://reactjs.org/docs/error-decoder.html?invariant=418 for the full message or use the non-minified dev environment for full errors and additional helpful warnings.
    at lg (https://frontend-assets.supabase.com/studio/b97a1db19b13/_next/static/chunks/9954129c7dd6dc22.js?dpl=dpl_GajKFReommNTzdw4sLgfoFq9AbrR:1:50409)
    at i (https://frontend-assets.supabase.com/studio/b97a1db19b13/_next/static/chunks/9954129c7dd6dc22.js?dpl=dpl_GajKFReommNTzdw4sLgfoFq9AbrR:1:124903)
    at oD (https://frontend-assets.supabase.com/studio/b97a1db19b13/_next/static/chunks/9954129c7dd6dc22.js?dpl=dpl_GajKFReommNTzdw4sLgfoFq9AbrR:1:102891)
    at oR (https://frontend-assets.supabase.com/studio/b97a1db19b13/_next/static/chunks/9954129c7dd6dc22.js?dpl=dpl_GajKFReommNTzdw4sLgfoFq9AbrR:1:102761)
    at oS (https://frontend-assets.supabase.com/studio/b97a1db19b13/_next/static/chunks/9954129c7dd6dc22.js?dpl=dpl_GajKFReommNTzdw4sLgfoFq9AbrR:1:97834)
    at E (https://frontend-assets.supabase.com/studio/b97a1db19b13/_next/static/chunks/9954129c7dd6dc22.js?dpl=dpl_GajKFReommNTzdw4sLgfoFq9AbrR:1:1491)
    at L (https://frontend-assets.supabase.com/studio/b97a1db19b13/_next/static/chunks/9954129c7dd6dc22.js?dpl=dpl_GajKFReommNTzdw4sLgfoFq9AbrR:1:2012)
[    6171ms] Uncaught Error: Minified React error #418; visit https://reactjs.org/docs/error-decoder.html?invariant=418 for the full message or use the non-minified dev environment for full errors and additional helpful warnings.
    at lg (https://frontend-assets.supabase.com/studio/b97a1db19b13/_next/static/chunks/9954129c7dd6dc22.js?dpl=dpl_GajKFReommNTzdw4sLgfoFq9AbrR:1:50409)
    at i (https://frontend-assets.supabase.com/studio/b97a1db19b13/_next/static/chunks/9954129c7dd6dc22.js?dpl=dpl_GajKFReommNTzdw4sLgfoFq9AbrR:1:124903)
    at oD (https://frontend-assets.supabase.com/studio/b97a1db19b13/_next/static/chunks/9954129c7dd6dc22.js?dpl=dpl_GajKFReommNTzdw4sLgfoFq9AbrR:1:102891)
    at oR (https://frontend-assets.supabase.com/studio/b97a1db19b13/_next/static/chunks/9954129c7dd6dc22.js?dpl=dpl_GajKFReommNTzdw4sLgfoFq9AbrR:1:102761)
    at oS (https://frontend-assets.supabase.com/studio/b97a1db19b13/_next/static/chunks/9954129c7dd6dc22.js?dpl=dpl_GajKFReommNTzdw4sLgfoFq9AbrR:1:97834)
    at E (https://frontend-assets.supabase.com/studio/b97a1db19b13/_next/static/chunks/9954129c7dd6dc22.js?dpl=dpl_GajKFReommNTzdw4sLgfoFq9AbrR:1:1491)
    at L (https://frontend-assets.supabase.com/studio/b97a1db19b13/_next/static/chunks/9954129c7dd6dc22.js?dpl=dpl_GajKFReommNTzdw4sLgfoFq9AbrR:1:2012)
[    6175ms] Uncaught Error: Minified React error #423; visit https://reactjs.org/docs/error-decoder.html?invariant=423 for the full message or use the non-minified dev environment for full errors and additional helpful warnings.
    at i (https://frontend-assets.supabase.com/studio/b97a1db19b13/_next/static/chunks/9954129c7dd6dc22.js?dpl=dpl_GajKFReommNTzdw4sLgfoFq9AbrR:1:124562)
    at oD (https://frontend-assets.supabase.com/studio/b97a1db19b13/_next/static/chunks/9954129c7dd6dc22.js?dpl=dpl_GajKFReommNTzdw4sLgfoFq9AbrR:1:102891)
    at oR (https://frontend-assets.supabase.com/studio/b97a1db19b13/_next/static/chunks/9954129c7dd6dc22.js?dpl=dpl_GajKFReommNTzdw4sLgfoFq9AbrR:1:102761)
    at ox (https://frontend-assets.supabase.com/studio/b97a1db19b13/_next/static/chunks/9954129c7dd6dc22.js?dpl=dpl_GajKFReommNTzdw4sLgfoFq9AbrR:1:99532)
    at oS (https://frontend-assets.supabase.com/studio/b97a1db19b13/_next/static/chunks/9954129c7dd6dc22.js?dpl=dpl_GajKFReommNTzdw4sLgfoFq9AbrR:1:98087)
    at E (https://frontend-assets.supabase.com/studio/b97a1db19b13/_next/static/chunks/9954129c7dd6dc22.js?dpl=dpl_GajKFReommNTzdw4sLgfoFq9AbrR:1:1491)
    at L (https://frontend-assets.supabase.com/studio/b97a1db19b13/_next/static/chunks/9954129c7dd6dc22.js?dpl=dpl_GajKFReommNTzdw4sLgfoFq9AbrR:1:2012)
[  184874ms] Uncaught Error: Minified React error #425; visit https://reactjs.org/docs/error-decoder.html?invariant=425 for the full message or use the non-minified dev environment for full errors and additional helpful warnings.
    at rh (https://frontend-assets.supabase.com/studio/b97a1db19b13/_next/static/chunks/9954129c7dd6dc22.js?dpl=dpl_GajKFReommNTzdw4sLgfoFq9AbrR:1:44119)
    at <anonymous> (https://frontend-assets.supabase.com/studio/b97a1db19b13/_next/static/chunks/9954129c7dd6dc22.js?dpl=dpl_GajKFReommNTzdw4sLgfoFq9AbrR:1:104492)
    at oO (https://frontend-assets.supabase.com/studio/b97a1db19b13/_next/static/chunks/9954129c7dd6dc22.js?dpl=dpl_GajKFReommNTzdw4sLgfoFq9AbrR:1:110000)
    at oD (https://frontend-assets.supabase.com/studio/b97a1db19b13/_next/static/chunks/9954129c7dd6dc22.js?dpl=dpl_GajKFReommNTzdw4sLgfoFq9AbrR:1:102951)
    at oR (https://frontend-assets.supabase.com/studio/b97a1db19b13/_next/static/chunks/9954129c7dd6dc22.js?dpl=dpl_GajKFReommNTzdw4sLgfoFq9AbrR:1:102761)
    at oS (https://frontend-assets.supabase.com/studio/b97a1db19b13/_next/static/chunks/9954129c7dd6dc22.js?dpl=dpl_GajKFReommNTzdw4sLgfoFq9AbrR:1:97834)
    at E (https://frontend-assets.supabase.com/studio/b97a1db19b13/_next/static/chunks/9954129c7dd6dc22.js?dpl=dpl_GajKFReommNTzdw4sLgfoFq9AbrR:1:1491)
    at L (https://frontend-assets.supabase.com/studio/b97a1db19b13/_next/static/chunks/9954129c7dd6dc22.js?dpl=dpl_GajKFReommNTzdw4sLgfoFq9AbrR:1:2012)
[  184874ms] Uncaught Error: Minified React error #418; visit https://reactjs.org/docs/error-decoder.html?invariant=418 for the full message or use the non-minified dev environment for full errors and additional helpful warnings.
    at lg (https://frontend-assets.supabase.com/studio/b97a1db19b13/_next/static/chunks/9954129c7dd6dc22.js?dpl=dpl_GajKFReommNTzdw4sLgfoFq9AbrR:1:50409)
    at i (https://frontend-assets.supabase.com/studio/b97a1db19b13/_next/static/chunks/9954129c7dd6dc22.js?dpl=dpl_GajKFReommNTzdw4sLgfoFq9AbrR:1:124903)
    at oD (https://frontend-assets.supabase.com/studio/b97a1db19b13/_next/static/chunks/9954129c7dd6dc22.js?dpl=dpl_GajKFReommNTzdw4sLgfoFq9AbrR:1:102891)
    at oR (https://frontend-assets.supabase.com/studio/b97a1db19b13/_next/static/chunks/9954129c7dd6dc22.js?dpl=dpl_GajKFReommNTzdw4sLgfoFq9AbrR:1:102761)
    at oS (https://frontend-assets.supabase.com/studio/b97a1db19b13/_next/static/chunks/9954129c7dd6dc22.js?dpl=dpl_GajKFReommNTzdw4sLgfoFq9AbrR:1:97834)
    at E (https://frontend-assets.supabase.com/studio/b97a1db19b13/_next/static/chunks/9954129c7dd6dc22.js?dpl=dpl_GajKFReommNTzdw4sLgfoFq9AbrR:1:1491)
    at L (https://frontend-assets.supabase.com/studio/b97a1db19b13/_next/static/chunks/9954129c7dd6dc22.js?dpl=dpl_GajKFReommNTzdw4sLgfoFq9AbrR:1:2012)
[  184875ms] Uncaught Error: Minified React error #418; visit https://reactjs.org/docs/error-decoder.html?invariant=418 for the full message or use the non-minified dev environment for full errors and additional helpful warnings.
    at lg (https://frontend-assets.supabase.com/studio/b97a1db19b13/_next/static/chunks/9954129c7dd6dc22.js?dpl=dpl_GajKFReommNTzdw4sLgfoFq9AbrR:1:50409)
    at i (https://frontend-assets.supabase.com/studio/b97a1db19b13/_next/static/chunks/9954129c7dd6dc22.js?dpl=dpl_GajKFReommNTzdw4sLgfoFq9AbrR:1:124903)
    at oD (https://frontend-assets.supabase.com/studio/b97a1db19b13/_next/static/chunks/9954129c7dd6dc22.js?dpl=dpl_GajKFReommNTzdw4sLgfoFq9AbrR:1:102891)
    at oR (https://frontend-assets.supabase.com/studio/b97a1db19b13/_next/static/chunks/9954129c7dd6dc22.js?dpl=dpl_GajKFReommNTzdw4sLgfoFq9AbrR:1:102761)
    at oS (https://frontend-assets.supabase.com/studio/b97a1db19b13/_next/static/chunks/9954129c7dd6dc22.js?dpl=dpl_GajKFReommNTzdw4sLgfoFq9AbrR:1:97834)
    at E (https://frontend-assets.supabase.com/studio/b97a1db19b13/_next/static/chunks/9954129c7dd6dc22.js?dpl=dpl_GajKFReommNTzdw4sLgfoFq9AbrR:1:1491)
    at L (https://frontend-assets.supabase.com/studio/b97a1db19b13/_next/static/chunks/9954129c7dd6dc22.js?dpl=dpl_GajKFReommNTzdw4sLgfoFq9AbrR:1:2012)
[  184875ms] Uncaught Error: Minified React error #418; visit https://reactjs.org/docs/error-decoder.html?invariant=418 for the full message or use the non-minified dev environment for full errors and additional helpful warnings.
    at lg (https://frontend-assets.supabase.com/studio/b97a1db19b13/_next/static/chunks/9954129c7dd6dc22.js?dpl=dpl_GajKFReommNTzdw4sLgfoFq9AbrR:1:50409)
    at i (https://frontend-assets.supabase.com/studio/b97a1db19b13/_next/static/chunks/9954129c7dd6dc22.js?dpl=dpl_GajKFReommNTzdw4sLgfoFq9AbrR:1:124903)
    at oD (https://frontend-assets.supabase.com/studio/b97a1db19b13/_next/static/chunks/9954129c7dd6dc22.js?dpl=dpl_GajKFReommNTzdw4sLgfoFq9AbrR:1:102891)
    at oR (https://frontend-assets.supabase.com/studio/b97a1db19b13/_next/static/chunks/9954129c7dd6dc22.js?dpl=dpl_GajKFReommNTzdw4sLgfoFq9AbrR:1:102761)
    at oS (https://frontend-assets.supabase.com/studio/b97a1db19b13/_next/static/chunks/9954129c7dd6dc22.js?dpl=dpl_GajKFReommNTzdw4sLgfoFq9AbrR:1:97834)
    at E (https://frontend-assets.supabase.com/studio/b97a1db19b13/_next/static/chunks/9954129c7dd6dc22.js?dpl=dpl_GajKFReommNTzdw4sLgfoFq9AbrR:1:1491)
    at L (https://frontend-assets.supabase.com/studio/b97a1db19b13/_next/static/chunks/9954129c7dd6dc22.js?dpl=dpl_GajKFReommNTzdw4sLgfoFq9AbrR:1:2012)
[  184876ms] Uncaught Error: Minified React error #418; visit https://reactjs.org/docs/error-decoder.html?invariant=418 for the full message or use the non-minified dev environment for full errors and additional helpful warnings.
    at lg (https://frontend-assets.supabase.com/studio/b97a1db19b13/_next/static/chunks/9954129c7dd6dc22.js?dpl=dpl_GajKFReommNTzdw4sLgfoFq9AbrR:1:50409)
    at i (https://frontend-assets.supabase.com/studio/b97a1db19b13/_next/static/chunks/9954129c7dd6dc22.js?dpl=dpl_GajKFReommNTzdw4sLgfoFq9AbrR:1:124903)
    at oD (https://frontend-assets.supabase.com/studio/b97a1db19b13/_next/static/chunks/9954129c7dd6dc22.js?dpl=dpl_GajKFReommNTzdw4sLgfoFq9AbrR:1:102891)
    at oR (https://frontend-assets.supabase.com/studio/b97a1db19b13/_next/static/chunks/9954129c7dd6dc22.js?dpl=dpl_GajKFReommNTzdw4sLgfoFq9AbrR:1:102761)
    at oS (https://frontend-assets.supabase.com/studio/b97a1db19b13/_next/static/chunks/9954129c7dd6dc22.js?dpl=dpl_GajKFReommNTzdw4sLgfoFq9AbrR:1:97834)
    at E (https://frontend-assets.supabase.com/studio/b97a1db19b13/_next/static/chunks/9954129c7dd6dc22.js?dpl=dpl_GajKFReommNTzdw4sLgfoFq9AbrR:1:1491)
    at L (https://frontend-assets.supabase.com/studio/b97a1db19b13/_next/static/chunks/9954129c7dd6dc22.js?dpl=dpl_GajKFReommNTzdw4sLgfoFq9AbrR:1:2012)
[  184876ms] Uncaught Error: Minified React error #418; visit https://reactjs.org/docs/error-decoder.html?invariant=418 for the full message or use the non-minified dev environment for full errors and additional helpful warnings.
    at lg (https://frontend-assets.supabase.com/studio/b97a1db19b13/_next/static/chunks/9954129c7dd6dc22.js?dpl=dpl_GajKFReommNTzdw4sLgfoFq9AbrR:1:50409)
    at i (https://frontend-assets.supabase.com/studio/b97a1db19b13/_next/static/chunks/9954129c7dd6dc22.js?dpl=dpl_GajKFReommNTzdw4sLgfoFq9AbrR:1:124903)
    at oD (https://frontend-assets.supabase.com/studio/b97a1db19b13/_next/static/chunks/9954129c7dd6dc22.js?dpl=dpl_GajKFReommNTzdw4sLgfoFq9AbrR:1:102891)
    at oR (https://frontend-assets.supabase.com/studio/b97a1db19b13/_next/static/chunks/9954129c7dd6dc22.js?dpl=dpl_GajKFReommNTzdw4sLgfoFq9AbrR:1:102761)
    at oS (https://frontend-assets.supabase.com/studio/b97a1db19b13/_next/static/chunks/9954129c7dd6dc22.js?dpl=dpl_GajKFReommNTzdw4sLgfoFq9AbrR:1:97834)
    at E (https://frontend-assets.supabase.com/studio/b97a1db19b13/_next/static/chunks/9954129c7dd6dc22.js?dpl=dpl_GajKFReommNTzdw4sLgfoFq9AbrR:1:1491)
    at L (https://frontend-assets.supabase.com/studio/b97a1db19b13/_next/static/chunks/9954129c7dd6dc22.js?dpl=dpl_GajKFReommNTzdw4sLgfoFq9AbrR:1:2012)
[  184876ms] Uncaught Error: Minified React error #418; visit https://reactjs.org/docs/error-decoder.html?invariant=418 for the full message or use the non-minified dev environment for full errors and additional helpful warnings.
    at lg (https://frontend-assets.supabase.com/studio/b97a1db19b13/_next/static/chunks/9954129c7dd6dc22.js?dpl=dpl_GajKFReommNTzdw4sLgfoFq9AbrR:1:50409)
    at i (https://frontend-assets.supabase.com/studio/b97a1db19b13/_next/static/chunks/9954129c7dd6dc22.js?dpl=dpl_GajKFReommNTzdw4sLgfoFq9AbrR:1:124903)
    at oD (https://frontend-assets.supabase.com/studio/b97a1db19b13/_next/static/chunks/9954129c7dd6dc22.js?dpl=dpl_GajKFReommNTzdw4sLgfoFq9AbrR:1:102891)
    at oR (https://frontend-assets.supabase.com/studio/b97a1db19b13/_next/static/chunks/9954129c7dd6dc22.js?dpl=dpl_GajKFReommNTzdw4sLgfoFq9AbrR:1:102761)
    at oS (https://frontend-assets.supabase.com/studio/b97a1db19b13/_next/static/chunks/9954129c7dd6dc22.js?dpl=dpl_GajKFReommNTzdw4sLgfoFq9AbrR:1:97834)
    at E (https://frontend-assets.supabase.com/studio/b97a1db19b13/_next/static/chunks/9954129c7dd6dc22.js?dpl=dpl_GajKFReommNTzdw4sLgfoFq9AbrR:1:1491)
    at L (https://frontend-assets.supabase.com/studio/b97a1db19b13/_next/static/chunks/9954129c7dd6dc22.js?dpl=dpl_GajKFReommNTzdw4sLgfoFq9AbrR:1:2012)
[  184877ms] Uncaught Error: Minified React error #418; visit https://reactjs.org/docs/error-decoder.html?invariant=418 for the full message or use the non-minified dev environment for full errors and additional helpful warnings.
    at lg (https://frontend-assets.supabase.com/studio/b97a1db19b13/_next/static/chunks/9954129c7dd6dc22.js?dpl=dpl_GajKFReommNTzdw4sLgfoFq9AbrR:1:50409)
    at i (https://frontend-assets.supabase.com/studio/b97a1db19b13/_next/static/chunks/9954129c7dd6dc22.js?dpl=dpl_GajKFReommNTzdw4sLgfoFq9AbrR:1:124903)
    at oD (https://frontend-assets.supabase.com/studio/b97a1db19b13/_next/static/chunks/9954129c7dd6dc22.js?dpl=dpl_GajKFReommNTzdw4sLgfoFq9AbrR:1:102891)
    at oR (https://frontend-assets.supabase.com/studio/b97a1db19b13/_next/static/chunks/9954129c7dd6dc22.js?dpl=dpl_GajKFReommNTzdw4sLgfoFq9AbrR:1:102761)
    at oS (https://frontend-assets.supabase.com/studio/b97a1db19b13/_next/static/chunks/9954129c7dd6dc22.js?dpl=dpl_GajKFReommNTzdw4sLgfoFq9AbrR:1:97834)
    at E (https://frontend-assets.supabase.com/studio/b97a1db19b13/_next/static/chunks/9954129c7dd6dc22.js?dpl=dpl_GajKFReommNTzdw4sLgfoFq9AbrR:1:1491)
    at L (https://frontend-assets.supabase.com/studio/b97a1db19b13/_next/static/chunks/9954129c7dd6dc22.js?dpl=dpl_GajKFReommNTzdw4sLgfoFq9AbrR:1:2012)
[  184877ms] Uncaught Error: Minified React error #418; visit https://reactjs.org/docs/error-decoder.html?invariant=418 for the full message or use the non-minified dev environment for full errors and additional helpful warnings.
    at lg (https://frontend-assets.supabase.com/studio/b97a1db19b13/_next/static/chunks/9954129c7dd6dc22.js?dpl=dpl_GajKFReommNTzdw4sLgfoFq9AbrR:1:50409)
    at i (https://frontend-assets.supabase.com/studio/b97a1db19b13/_next/static/chunks/9954129c7dd6dc22.js?dpl=dpl_GajKFReommNTzdw4sLgfoFq9AbrR:1:124903)
    at oD (https://frontend-assets.supabase.com/studio/b97a1db19b13/_next/static/chunks/9954129c7dd6dc22.js?dpl=dpl_GajKFReommNTzdw4sLgfoFq9AbrR:1:102891)
    at oR (https://frontend-assets.supabase.com/studio/b97a1db19b13/_next/static/chunks/9954129c7dd6dc22.js?dpl=dpl_GajKFReommNTzdw4sLgfoFq9AbrR:1:102761)
    at oS (https://frontend-assets.supabase.com/studio/b97a1db19b13/_next/static/chunks/9954129c7dd6dc22.js?dpl=dpl_GajKFReommNTzdw4sLgfoFq9AbrR:1:97834)
    at E (https://frontend-assets.supabase.com/studio/b97a1db19b13/_next/static/chunks/9954129c7dd6dc22.js?dpl=dpl_GajKFReommNTzdw4sLgfoFq9AbrR:1:1491)
    at L (https://frontend-assets.supabase.com/studio/b97a1db19b13/_next/static/chunks/9954129c7dd6dc22.js?dpl=dpl_GajKFReommNTzdw4sLgfoFq9AbrR:1:2012)
[  184878ms] Uncaught Error: Minified React error #423; visit https://reactjs.org/docs/error-decoder.html?invariant=423 for the full message or use the non-minified dev environment for full errors and additional helpful warnings.
    at i (https://frontend-assets.supabase.com/studio/b97a1db19b13/_next/static/chunks/9954129c7dd6dc22.js?dpl=dpl_GajKFReommNTzdw4sLgfoFq9AbrR:1:124562)
    at oD (https://frontend-assets.supabase.com/studio/b97a1db19b13/_next/static/chunks/9954129c7dd6dc22.js?dpl=dpl_GajKFReommNTzdw4sLgfoFq9AbrR:1:102891)
    at oR (https://frontend-assets.supabase.com/studio/b97a1db19b13/_next/static/chunks/9954129c7dd6dc22.js?dpl=dpl_GajKFReommNTzdw4sLgfoFq9AbrR:1:102761)
    at ox (https://frontend-assets.supabase.com/studio/b97a1db19b13/_next/static/chunks/9954129c7dd6dc22.js?dpl=dpl_GajKFReommNTzdw4sLgfoFq9AbrR:1:99532)
    at oS (https://frontend-assets.supabase.com/studio/b97a1db19b13/_next/static/chunks/9954129c7dd6dc22.js?dpl=dpl_GajKFReommNTzdw4sLgfoFq9AbrR:1:98087)
    at E (https://frontend-assets.supabase.com/studio/b97a1db19b13/_next/static/chunks/9954129c7dd6dc22.js?dpl=dpl_GajKFReommNTzdw4sLgfoFq9AbrR:1:1491)
    at L (https://frontend-assets.supabase.com/studio/b97a1db19b13/_next/static/chunks/9954129c7dd6dc22.js?dpl=dpl_GajKFReommNTzdw4sLgfoFq9AbrR:1:2012)
