[     223ms] [LOG] [Fast Refresh] rebuilding @ http://localhost:3000/_next/static/chunks/node_modules_next_dist_115brz8._.js:2431
[     536ms] [LOG] [Fast Refresh] done in 429ms @ http://localhost:3000/_next/static/chunks/node_modules_next_dist_115brz8._.js:2431
[     671ms] [LOG] %c[Web Vital] LCP: 1328ms (good) color: green; font-weight: bold @ http://localhost:3000/_next/static/chunks/node_modules_next_dist_115brz8._.js:2431
[     672ms] [LOG] %c[Web Vital] CLS: 0ms (good) color: green; font-weight: bold @ http://localhost:3000/_next/static/chunks/node_modules_next_dist_115brz8._.js:2431
[    1240ms] [INFO] %cDownload the React DevTools for a better development experience: https://react.dev/link/react-devtools font-weight:bold @ http://localhost:3000/_next/static/chunks/node_modules_next_dist_115brz8._.js:2431
[    1330ms] [LOG] [HMR] connected @ http://localhost:3000/_next/static/chunks/node_modules_next_dist_115brz8._.js:2431
[    1416ms] [WARNING] Ignoring Event: localhost @ http://localhost:3000/_next/static/chunks/node_modules_next_dist_115brz8._.js:2431
[    1588ms] [LOG] %c[Web Vital] TTFB: 616ms (good) color: green; font-weight: bold @ http://localhost:3000/_next/static/chunks/node_modules_next_dist_115brz8._.js:2431
[    1677ms] [LOG] %c[Web Vital] FCP: 1480ms (good) color: green; font-weight: bold @ http://localhost:3000/_next/static/chunks/node_modules_next_dist_115brz8._.js:2431
[    1806ms] [ERROR] A tree hydrated but some attributes of the server rendered HTML didn't match the client properties. This won't be patched up. This can happen if a SSR-ed Client Component used:

- A server/client branch `if (typeof window !== 'undefined')`.
- Variable input such as `Date.now()` or `Math.random()` which changes each time it's called.
- Date formatting in a user's locale which doesn't match the server.
- External changing data without sending a snapshot of it along with the HTML.
- Invalid HTML tag nesting.

It can also happen if the client has a browser extension installed which messes with the HTML before React loaded.

%s%s https://react.dev/link/hydration-mismatch 

  ...
    <InnerLayoutRouter url="/demo/less..." tree={[...]} params={{}} cacheNode={{rsc:{...}, ...}} segmentPath={[...]} ...>
      <SegmentViewNode type="page" pagePath="(dashboard...">
        <SegmentTrieNode>
        <DemoLessonPage>
          <div className="-mx-4 md:-..." data-variant="e2-e">
            <EditorialLessonViewer lesson={{...}} initialSurface="advancing" initialPage={3}>
              <div className="flex min-h...">
                <div className="flex flex-...">
                  <OutlineRail>
                  <main className="flex flex-...">
                    <MastRow>
                    <div>
                    <AudioBar variant="playing" autoAdvance={true} speed="1x" currentTime="02:14" totalTime="03:42" ...>
                      <div className="sticky bot...">
                        <div className="grid items...">
                          <button>
                          <div className="min-w-0">
                            <div>
                            <Waveform progress={60}>
                              <div className="flex h-7 i...">
                                <div>
                                <div>
                                <div>
                                <div>
                                <div>
                                <div>
                                <div>
                                <div>
                                <div>
                                <div>
                                <div>
                                <div>
                                <div>
                                <div>
                                <div>
                                <div>
                                <div
                                  className="w-[3px] bg-foreground"
                                  style={{
+                                   height: "94.68339319245766%"
-                                   height: "94.6834%"
                                  }}
                                >
                                ...
                          ...
                ...
      ...
 @ http://localhost:3000/_next/static/chunks/node_modules_next_dist_115brz8._.js:3272
[    1964ms] [LOG] [Fast Refresh] rebuilding @ http://localhost:3000/_next/static/chunks/node_modules_next_dist_115brz8._.js:2431
[    2082ms] [LOG] [Fast Refresh] done in 222ms @ http://localhost:3000/_next/static/chunks/node_modules_next_dist_115brz8._.js:2431
[   14753ms] [LOG] [Fast Refresh] rebuilding @ http://localhost:3000/_next/static/chunks/node_modules_next_dist_115brz8._.js:2431
